<?xml version="1.0" encoding="UTF-8"?>
<rss xmlns:dc="http://purl.org/dc/elements/1.1/" xmlns:content="http://purl.org/rss/1.0/modules/content/" xmlns:atom="http://www.w3.org/2005/Atom" version="2.0">
    <channel>
        <title>&lt;b&gt;title&lt;/b&gt;</title>
        <description><![CDATA[description]]></description>
        <link>http://example.com</link>
        <image>
            <url>http://example.com/icon.png</url>
            <title>&lt;b&gt;title&lt;/b&gt;</title>
            <link>http://example.com</link>
        </image>
        <generator>Example Generator</generator>
        <lastBuildDate>Wed, 10 Dec 2014 19:04:57 GMT</lastBuildDate>
        <atom:link href="http://example.com/rss.xml" rel="self" type="application/rss+xml"/>
        <author><![CDATA[Dylan Greene]]></author>
        <pubDate>Sun, 20 May 2012 04:00:00 GMT</pubDate>
        <copyright><![CDATA[2013 Dylan Green]]></copyright>
        <language><![CDATA[en]]></language>
        <managingEditor><![CDATA[Dylan Green]]></managingEditor>
        <webMaster><![CDATA[Dylan Green]]></webMaster>
        <docs>http://example.com/rss/docs.html</docs>
        <ttl>60</ttl>
        <category><![CDATA[Category 1]]></category>
        <category><![CDATA[Category 2]]></category>
        <category><![CDATA[Category 3]]></category>
    </channel>
</rss>